\BOOKMARK [0][-]{pretexto.0}{\376\377\000E\000l\000e\000m\000e\000n\000t\000o\000s\000\040\000P\000r\000\351\000-\000T\000e\000x\000t\000u\000a\000i\000s}{}% 1
\BOOKMARK [1][-]{pretexto.1.1}{\376\377\000C\000a\000p\000a}{pretexto.0}% 2
\BOOKMARK [1][-]{pretexto.2.1}{\376\377\000P\000u\000b\000l\000i\000c\000a\000\347\000\343\000o}{pretexto.0}% 3
\BOOKMARK [1][-]{pretexto.3.1}{\376\377\000F\000o\000l\000h\000a\000\040\000d\000e\000\040\000R\000o\000s\000t\000o}{pretexto.0}% 4
\BOOKMARK [1][-]{pretexto.4.1}{\376\377\000A\000p\000r\000o\000v\000a\000\347\000\343\000o}{pretexto.0}% 5
\BOOKMARK [1][-]{pretexto.5.1}{\376\377\000D\000i\000r\000e\000i\000t\000o\000s\000\040\000A\000u\000t\000o\000r\000a\000i\000s}{pretexto.0}% 6
\BOOKMARK [1][-]{pretexto.6.1}{\376\377\000D\000e\000d\000i\000c\000a\000t\000\363\000r\000i\000a}{pretexto.0}% 7
\BOOKMARK [1][-]{pretexto.7.1}{\376\377\000A\000g\000r\000a\000d\000e\000c\000i\000m\000e\000n\000t\000o\000s}{pretexto.0}% 8
\BOOKMARK [1][-]{pretexto.10.1}{\376\377\000E\000p\000\355\000g\000r\000a\000f\000e}{pretexto.0}% 9
\BOOKMARK [1][-]{pretexto.8.1}{\376\377\000R\000e\000s\000u\000m\000o}{pretexto.0}% 10
\BOOKMARK [1][-]{pretexto.9.1}{\376\377\000A\000b\000s\000t\000r\000a\000c\000t}{pretexto.0}% 11
\BOOKMARK [0][-]{sumario.0}{\376\377\000S\000u\000m\000\341\000r\000i\000o}{}% 12
\BOOKMARK [0][-]{Doc-Start}{\376\377\000L\000i\000s\000t\000a\000\040\000d\000e\000\040\000F\000i\000g\000u\000r\000a\000s}{}% 13
\BOOKMARK [0][-]{chapter.1}{\376\377\0001\000\040\000I\000n\000t\000r\000o\000d\000u\000\347\000\343\000o}{}% 14
\BOOKMARK [1][-]{section.2}{\376\377\0001\000.\0001\000\040\000O\000b\000j\000e\000t\000i\000v\000o\000s}{chapter.1}% 15
\BOOKMARK [1][-]{section.3}{\376\377\0001\000.\0002\000\040\000Q\000u\000e\000s\000t\000\365\000e\000s\000\040\000d\000e\000\040\000P\000e\000s\000q\000u\000i\000s\000a}{chapter.1}% 16
\BOOKMARK [1][-]{section.4}{\376\377\0001\000.\0003\000\040\000C\000o\000n\000t\000r\000i\000b\000u\000i\000\347\000\365\000e\000s}{chapter.1}% 17
\BOOKMARK [1][-]{section.5}{\376\377\0001\000.\0004\000\040\000O\000r\000g\000a\000n\000i\000z\000a\000\347\000\343\000o\000\040\000d\000o\000\040\000T\000r\000a\000b\000a\000l\000h\000o}{chapter.1}% 18
\BOOKMARK [0][-]{chapter.6}{\376\377\0002\000\040\000F\000u\000n\000d\000a\000m\000e\000n\000t\000a\000\347\000\343\000o\000\040\000T\000e\000\363\000r\000i\000c\000a}{}% 19
\BOOKMARK [1][-]{section.7}{\376\377\0002\000.\0001\000\040\000E\000n\000g\000e\000n\000h\000a\000r\000i\000a\000\040\000d\000e\000\040\000R\000e\000q\000u\000i\000s\000i\000t\000o\000s\000\040\000e\000\040\000E\000l\000i\000c\000i\000t\000a\000\347\000\343\000o}{chapter.6}% 20
\BOOKMARK [1][-]{section.8}{\376\377\0002\000.\0002\000\040\000H\000i\000s\000t\000\363\000r\000i\000a\000s\000\040\000d\000e\000\040\000U\000s\000u\000\341\000r\000i\000o\000\040\000e\000\040\000o\000\040\000F\000r\000a\000m\000e\000w\000o\000r\000k\000\040\000I\000N\000V\000E\000S\000T}{chapter.6}% 21
\BOOKMARK [1][-]{section.9}{\376\377\0002\000.\0003\000\040\000E\000s\000p\000e\000c\000i\000f\000i\000c\000a\000\347\000\343\000o\000\040\000d\000e\000\040\000R\000e\000q\000u\000i\000s\000i\000t\000o\000s\000\040\000d\000e\000\040\000S\000o\000f\000t\000w\000a\000r\000e\000\040\000\050\000I\000E\000E\000E\000\040\0008\0003\0000\000\051}{chapter.6}% 22
\BOOKMARK [1][-]{section.10}{\376\377\0002\000.\0004\000\040\000I\000n\000t\000e\000l\000i\000g\000\352\000n\000c\000i\000a\000\040\000A\000r\000t\000i\000f\000i\000c\000i\000a\000l\000\040\000G\000e\000n\000e\000r\000a\000t\000i\000v\000a\000\040\000e\000\040\000M\000o\000d\000e\000l\000o\000s\000\040\000d\000e\000\040\000L\000i\000n\000g\000u\000a\000g\000e\000m}{chapter.6}% 23
\BOOKMARK [1][-]{section.11}{\376\377\0002\000.\0005\000\040\000S\000i\000s\000t\000e\000m\000a\000s\000\040\000M\000u\000l\000t\000i\000a\000g\000e\000n\000t\000e}{chapter.6}% 24
\BOOKMARK [1][-]{section.12}{\376\377\0002\000.\0006\000\040\000R\000e\000c\000o\000n\000h\000e\000c\000i\000m\000e\000n\000t\000o\000\040\000A\000u\000t\000o\000m\000\341\000t\000i\000c\000o\000\040\000d\000e\000\040\000F\000a\000l\000a}{chapter.6}% 25
\BOOKMARK [0][-]{chapter.13}{\376\377\0003\000\040\000T\000r\000a\000b\000a\000l\000h\000o\000s\000\040\000R\000e\000l\000a\000c\000i\000o\000n\000a\000d\000o\000s}{}% 26
\BOOKMARK [1][-]{section.14}{\376\377\0003\000.\0001\000\040\000M\000o\000d\000e\000l\000o\000s\000\040\000d\000e\000\040\000L\000i\000n\000g\000u\000a\000g\000e\000m\000\040\000d\000e\000\040\000G\000r\000a\000n\000d\000e\000\040\000E\000s\000c\000a\000l\000a\000\040\000n\000a\000\040\000E\000n\000g\000e\000n\000h\000a\000r\000i\000a\000\040\000d\000e\000\040\000R\000e\000q\000u\000i\000s\000i\000t\000o\000s}{chapter.13}% 27
\BOOKMARK [1][-]{section.15}{\376\377\0003\000.\0002\000\040\000R\000e\000c\000o\000n\000h\000e\000c\000i\000m\000e\000n\000t\000o\000\040\000d\000e\000\040\000F\000a\000l\000a\000\040\000p\000a\000r\000a\000\040\000T\000r\000a\000n\000s\000c\000r\000i\000\347\000\343\000o\000\040\000d\000e\000\040\000R\000e\000u\000n\000i\000\365\000e\000s}{chapter.13}% 28
\BOOKMARK [1][-]{section.16}{\376\377\0003\000.\0003\000\040\000Q\000u\000a\000l\000i\000d\000a\000d\000e\000\040\000d\000e\000\040\000H\000i\000s\000t\000\363\000r\000i\000a\000s\000\040\000d\000e\000\040\000U\000s\000u\000\341\000r\000i\000o\000\040\000e\000\040\000o\000\040\000F\000r\000a\000m\000e\000w\000o\000r\000k\000\040\000I\000N\000V\000E\000S\000T}{chapter.13}% 29
\BOOKMARK [1][-]{section.17}{\376\377\0003\000.\0004\000\040\000S\000i\000s\000t\000e\000m\000a\000s\000\040\000M\000u\000l\000t\000i\000a\000g\000e\000n\000t\000e\000\040\000p\000a\000r\000a\000\040\000E\000n\000g\000e\000n\000h\000a\000r\000i\000a\000\040\000d\000e\000\040\000S\000o\000f\000t\000w\000a\000r\000e}{chapter.13}% 30
\BOOKMARK [1][-]{section.18}{\376\377\0003\000.\0005\000\040\000L\000a\000c\000u\000n\000a\000s\000\040\000I\000d\000e\000n\000t\000i\000f\000i\000c\000a\000d\000a\000s}{chapter.13}% 31
\BOOKMARK [0][-]{chapter.19}{\376\377\0004\000\040\000A\000r\000q\000u\000i\000t\000e\000t\000u\000r\000a\000\040\000e\000\040\000S\000i\000s\000t\000e\000m\000a\000\040\000P\000r\000o\000p\000o\000s\000t\000o}{}% 32
\BOOKMARK [1][-]{section.20}{\376\377\0004\000.\0001\000\040\000V\000i\000s\000\343\000o\000\040\000G\000e\000r\000a\000l\000\040\000e\000\040\000A\000r\000q\000u\000i\000t\000e\000t\000u\000r\000a\000\040\000d\000o\000\040\000S\000i\000s\000t\000e\000m\000a}{chapter.19}% 33
\BOOKMARK [1][-]{section.22}{\376\377\0004\000.\0002\000\040\000P\000r\000o\000j\000e\000t\000o\000\040\000d\000o\000s\000\040\000A\000g\000e\000n\000t\000e\000s}{chapter.19}% 34
\BOOKMARK [2][-]{subsection.23}{\376\377\0004\000.\0002\000.\0001\000\040\000A\000g\000e\000n\000t\000e\000\040\0001\000\040\040\024\000\040\000T\000r\000a\000n\000s\000c\000r\000i\000\347\000\343\000o\000\040\000d\000a\000\040\000R\000e\000u\000n\000i\000\343\000o}{section.22}% 35
\BOOKMARK [2][-]{subsection.24}{\376\377\0004\000.\0002\000.\0002\000\040\000A\000g\000e\000n\000t\000e\000\040\0002\000\040\040\024\000\040\000I\000d\000e\000n\000t\000i\000f\000i\000c\000a\000\347\000\343\000o\000\040\000d\000e\000\040\000P\000e\000r\000s\000o\000n\000a\000s\000\040\000e\000\040\000E\000x\000t\000r\000a\000\347\000\343\000o\000\040\000d\000e\000\040\000H\000i\000s\000t\000\363\000r\000i\000a\000s\000\040\000d\000e\000\040\000U\000s\000u\000\341\000r\000i\000o}{section.22}% 36
\BOOKMARK [2][-]{subsection.25}{\376\377\0004\000.\0002\000.\0003\000\040\000A\000g\000e\000n\000t\000e\000\040\0003\000\040\040\024\000\040\000G\000e\000r\000a\000\347\000\343\000o\000\040\000d\000o\000\040\000D\000o\000c\000u\000m\000e\000n\000t\000o\000\040\000d\000e\000\040\000R\000e\000q\000u\000i\000s\000i\000t\000o\000s}{section.22}% 37
\BOOKMARK [2][-]{subsection.26}{\376\377\0004\000.\0002\000.\0004\000\040\000A\000g\000e\000n\000t\000e\000\040\0004\000\040\040\024\000\040\000S\000\355\000n\000t\000e\000s\000e\000\040\000d\000o\000\040\000D\000i\000a\000g\000r\000a\000m\000a\000\040\000d\000e\000\040\000D\000o\000m\000\355\000n\000i\000o}{section.22}% 38
\BOOKMARK [1][-]{section.27}{\376\377\0004\000.\0003\000\040\000E\000s\000t\000r\000a\000t\000\351\000g\000i\000a\000\040\000d\000e\000\040\000S\000e\000l\000e\000\347\000\343\000o\000\040\000d\000e\000\040\000M\000o\000d\000e\000l\000o\000s}{chapter.19}% 39
\BOOKMARK [1][-]{section.28}{\376\377\0004\000.\0004\000\040\000E\000s\000t\000u\000d\000o\000\040\000d\000e\000\040\000C\000a\000s\000o\000\040\000R\000e\000a\000l}{chapter.19}% 40
\BOOKMARK [0][-]{chapter.29}{\376\377\0005\000\040\000A\000v\000a\000l\000i\000a\000\347\000\343\000o}{}% 41
\BOOKMARK [1][-]{section.30}{\376\377\0005\000.\0001\000\040\000D\000e\000s\000e\000n\000h\000o\000\040\000d\000a\000\040\000A\000v\000a\000l\000i\000a\000\347\000\343\000o}{chapter.29}% 42
\BOOKMARK [2][-]{subsection.31}{\376\377\0005\000.\0001\000.\0001\000\040\000C\000o\000n\000j\000u\000n\000t\000o\000s\000\040\000d\000e\000\040\000D\000a\000d\000o\000s}{section.30}% 43
\BOOKMARK [2][-]{subsection.32}{\376\377\0005\000.\0001\000.\0002\000\040\000M\000\351\000t\000r\000i\000c\000a\000s\000\040\000e\000\040\000P\000r\000o\000t\000o\000c\000o\000l\000o\000\040\000p\000o\000r\000\040\000Q\000u\000e\000s\000t\000\343\000o\000\040\000d\000e\000\040\000P\000e\000s\000q\000u\000i\000s\000a}{section.30}% 44
\BOOKMARK [1][-]{section.38}{\376\377\0005\000.\0002\000\040\000R\000e\000s\000u\000l\000t\000a\000d\000o\000s\000\040\000e\000\040\000D\000i\000s\000c\000u\000s\000s\000\343\000o}{chapter.29}% 45
\BOOKMARK [2][-]{subsection.39}{\376\377\0005\000.\0002\000.\0001\000\040\000Q\000P\0001\000\040\040\024\000\040\000A\000c\000u\000r\000\341\000c\000i\000a\000\040\000d\000a\000\040\000T\000r\000a\000n\000s\000c\000r\000i\000\347\000\343\000o}{section.38}% 46
\BOOKMARK [2][-]{subsection.40}{\376\377\0005\000.\0002\000.\0002\000\040\000Q\000P\0002\000\040\040\024\000\040\000I\000d\000e\000n\000t\000i\000f\000i\000c\000a\000\347\000\343\000o\000\040\000d\000e\000\040\000P\000e\000r\000s\000o\000n\000a\000s\000\040\000e\000\040\000H\000i\000s\000t\000\363\000r\000i\000a\000s\000\040\000d\000e\000\040\000U\000s\000u\000\341\000r\000i\000o}{section.38}% 47
\BOOKMARK [2][-]{subsection.41}{\376\377\0005\000.\0002\000.\0003\000\040\000Q\000P\0003\000\040\040\024\000\040\000Q\000u\000a\000l\000i\000d\000a\000d\000e\000\040\000P\000e\000r\000c\000e\000b\000i\000d\000a\000\040\000d\000o\000\040\000D\000o\000c\000u\000m\000e\000n\000t\000o}{section.38}% 48
\BOOKMARK [2][-]{subsection.42}{\376\377\0005\000.\0002\000.\0004\000\040\000Q\000P\0004\000\040\040\024\000\040\000C\000o\000b\000e\000r\000t\000u\000r\000a\000\040\000f\000r\000e\000n\000t\000e\000\040\000a\000o\000\040\000D\000o\000c\000u\000m\000e\000n\000t\000o\000\040\000O\000f\000i\000c\000i\000a\000l}{section.38}% 49
\BOOKMARK [2][-]{subsection.48}{\376\377\0005\000.\0002\000.\0005\000\040\000Q\000P\0005\000\040\040\024\000\040\000P\000r\000o\000p\000a\000g\000a\000\347\000\343\000o\000\040\000d\000e\000\040\000E\000r\000r\000o\000\040\000e\000\040\000C\000u\000s\000t\000o\000\040\000p\000o\000r\000\040\000A\000g\000e\000n\000t\000e}{section.38}% 50
\BOOKMARK [1][-]{section.51}{\376\377\0005\000.\0003\000\040\000A\000m\000e\000a\000\347\000a\000s\000\040\000\340\000\040\000V\000a\000l\000i\000d\000a\000d\000e}{chapter.29}% 51
\BOOKMARK [0][-]{chapter.56}{\376\377\0006\000\040\000C\000o\000n\000c\000l\000u\000s\000\343\000o}{}% 52
\BOOKMARK [1][-]{section.57}{\376\377\0006\000.\0001\000\040\000C\000o\000n\000t\000r\000i\000b\000u\000i\000\347\000\365\000e\000s}{chapter.56}% 53
\BOOKMARK [1][-]{section.58}{\376\377\0006\000.\0002\000\040\000L\000i\000m\000i\000t\000a\000\347\000\365\000e\000s}{chapter.56}% 54
\BOOKMARK [1][-]{section.59}{\376\377\0006\000.\0003\000\040\000T\000r\000a\000b\000a\000l\000h\000o\000s\000\040\000F\000u\000t\000u\000r\000o\000s}{chapter.56}% 55
\BOOKMARK [1][-]{section.60}{\376\377\0006\000.\0004\000\040\000D\000i\000s\000p\000o\000n\000i\000b\000i\000l\000i\000d\000a\000d\000e\000\040\000d\000e\000\040\000A\000r\000t\000e\000f\000a\000t\000o\000s}{chapter.56}% 56
\BOOKMARK [0][-]{section.60}{\376\377\000R\000e\000f\000e\000r\000\352\000n\000c\000i\000a\000s\000\040\000B\000i\000b\000l\000i\000o\000g\000r\000\341\000f\000i\000c\000a\000s}{}% 57
\BOOKMARK [0][-]{appendix.61}{\376\377\000A\000\040\000P\000r\000o\000m\000p\000t\000s\000\040\000d\000o\000\040\000A\000g\000e\000n\000t\000e\000\040\000d\000e\000\040\000I\000d\000e\000n\000t\000i\000f\000i\000c\000a\000\347\000\343\000o}{}% 58
\BOOKMARK [1][-]{section.62}{\376\377\000A\000.\0001\000\040\000M\000e\000n\000s\000a\000g\000e\000m\000\040\000d\000e\000\040\000S\000i\000s\000t\000e\000m\000a}{appendix.61}% 59
\BOOKMARK [1][-]{section.63}{\376\377\000A\000.\0002\000\040\000P\000r\000o\000m\000p\000t\000\040\000d\000e\000\040\000I\000d\000e\000n\000t\000i\000f\000i\000c\000a\000\347\000\343\000o\000\040\000d\000e\000\040\000P\000e\000r\000s\000o\000n\000a\000s}{appendix.61}% 60
\BOOKMARK [1][-]{section.64}{\376\377\000A\000.\0003\000\040\000P\000r\000o\000m\000p\000t\000\040\000d\000e\000\040\000G\000e\000r\000a\000\347\000\343\000o\000\040\000d\000e\000\040\000H\000i\000s\000t\000\363\000r\000i\000a\000s\000\040\000d\000e\000\040\000U\000s\000u\000\341\000r\000i\000o}{appendix.61}% 61
\BOOKMARK [0][-]{appendix.65}{\376\377\000B\000\040\000C\000o\000n\000t\000r\000a\000t\000o\000\040\000d\000e\000\040\000D\000a\000d\000o\000s\000\040\000e\000n\000t\000r\000e\000\040\000A\000g\000e\000n\000t\000e\000s}{}% 62
